app/(dashboard)/inventario/historial/page.tsx(59,7): error TS2322: Type '{ id: any; action: any; table_name: any; record_id: any; old_data: any; new_data: any; created_at: any; profiles: { id: any; full_name: any; email: any; }[]; }[]' is not assignable to type 'AuditLog[]'.
  Type '{ id: any; action: any; table_name: any; record_id: any; old_data: any; new_data: any; created_at: any; profiles: { id: any; full_name: any; email: any; }[]; }' is not assignable to type 'AuditLog'.
    Types of property 'profiles' are incompatible.
      Type '{ id: any; full_name: any; email: any; }[]' is missing the following properties from type '{ id: string; full_name: string; email: string; }': id, full_name, email
app/(dashboard)/inventario/inventory-client.tsx(1240,95): error TS2339: Property 'qty' does not exist on type 'unknown'.
app/(dashboard)/inventario/inventory-client.tsx(1240,100): error TS2339: Property 'reserved' does not exist on type 'unknown'.
app/(dashboard)/inventario/inventory-client.tsx(1449,11): error TS2322: Type 'ProductWithRelations' is not assignable to type '{ id: string; organization_id: string; category_id: string | null; sku: string; sku_group: string | null; name: string; description: string | null; price: number; cost: number; brand: string | null; ... 5 more ...; updated_at: string; } & { ...; }'.
  Type 'ProductWithRelations' is not assignable to type '{ inventory?: { id: string; product_id: string; location_id: string; size: string; color: string | null; quantity: number; reserved_qty: number; min_stock: number; max_stock: number | null; updated_at: string; }[] | undefined; category?: { ...; } | ... 1 more ... | undefined; }'.
    Types of property 'inventory' are incompatible.
      Type 'InventoryItem[]' is not assignable to type '{ id: string; product_id: string; location_id: string; size: string; color: string | null; quantity: number; reserved_qty: number; min_stock: number; max_stock: number | null; updated_at: string; }[]'.
        Type 'InventoryItem' is missing the following properties from type '{ id: string; product_id: string; location_id: string; size: string; color: string | null; quantity: number; reserved_qty: number; min_stock: number; max_stock: number | null; updated_at: string; }': product_id, max_stock, updated_at
app/(dashboard)/pedidos/order-detail-modal.tsx(227,68): error TS2367: This comparison appears to be unintentional because the types '"completed" | "cancelled"' and '"reserved"' have no overlap.
app/(dashboard)/pedidos/order-detail-modal.tsx(239,31): error TS2352: Conversion of type '{ name: any; }[]' to type '{ name: string; }' may be a mistake because neither type sufficiently overlaps with the other. If this was intentional, convert the expression to 'unknown' first.
  Property 'name' is missing in type '{ name: any; }[]' but required in type '{ name: string; }'.
app/(dashboard)/pedidos/order-detail-modal.tsx(240,30): error TS2352: Conversion of type '{ name: any; }[]' to type '{ name: string; }' may be a mistake because neither type sufficiently overlaps with the other. If this was intentional, convert the expression to 'unknown' first.
  Property 'name' is missing in type '{ name: any; }[]' but required in type '{ name: string; }'.
app/(dashboard)/pedidos/order-detail-modal.tsx(314,25): error TS2345: Argument of type 'string | undefined' is not assignable to parameter of type 'SetStateAction<string | null>'.
  Type 'undefined' is not assignable to type 'SetStateAction<string | null>'.
app/(dashboard)/pedidos/order-detail-modal.tsx(600,25): error TS2367: This comparison appears to be unintentional because the types '"pending" | "confirmed" | "shipped" | "completed" | "cancelled"' and '"reserved"' have no overlap.
app/(dashboard)/pedidos/pedidos-client.tsx(165,40): error TS2352: Conversion of type '{ id: any; product_id: any; location_id: any; size: any; quantity: any; reserved_qty: any; locations: { name: any; }[]; }[]' to type '{ id: string; product_id: string; location_id: string; size: string | null; quantity: number; reserved_qty: number | null; locations: { name: string; } | null; }[]' may be a mistake because neither type sufficiently overlaps with the other. If this was intentional, convert the expression to 'unknown' first.
  Type '{ id: any; product_id: any; location_id: any; size: any; quantity: any; reserved_qty: any; locations: { name: any; }[]; }' is not comparable to type '{ id: string; product_id: string; location_id: string; size: string | null; quantity: number; reserved_qty: number | null; locations: { name: string; } | null; }'.
    Types of property 'locations' are incompatible.
      Property 'name' is missing in type '{ name: any; }[]' but required in type '{ name: string; }'.
app/(dashboard)/pedidos/pedidos-client.tsx(355,21): error TS2345: Argument of type '(prev: OrderWithItems[]) => { id: string; status: OrderStatus; organization_id: string | null; customer_name: string; customer_phone: string; customer_email: string | null; ... 16 more ...; order_items: ({ ...; } & { ...; })[]; }[]' is not assignable to parameter of type 'SetStateAction<OrderWithItems[]>'.
  Type '(prev: OrderWithItems[]) => { id: string; status: OrderStatus; organization_id: string | null; customer_name: string; customer_phone: string; customer_email: string | null; ... 16 more ...; order_items: ({ ...; } & { ...; })[]; }[]' is not assignable to type '(prevState: OrderWithItems[]) => OrderWithItems[]'.
    Type '{ id: string; status: OrderStatus; organization_id: string | null; customer_name: string; customer_phone: string; customer_email: string | null; subtotal: number; discount: number; ... 14 more ...; order_items: ({ ...; } & { ...; })[]; }[]' is not assignable to type 'OrderWithItems[]'.
      Type '{ id: string; status: OrderStatus; organization_id: string | null; customer_name: string; customer_phone: string; customer_email: string | null; subtotal: number; discount: number; ... 14 more ...; order_items: (OrderItem & { product?: Product; })[]; }' is not assignable to type 'OrderWithItems'.
        Type '{ id: string; status: OrderStatus; organization_id: string | null; customer_name: string; customer_phone: string; customer_email: string | null; subtotal: number; discount: number; ... 14 more ...; order_items: (OrderItem & { product?: Product; })[]; }' is not assignable to type '{ id: string; organization_id: string | null; customer_name: string; customer_phone: string; customer_email: string | null; subtotal: number; discount: number; total: number; status: "pending" | "confirmed" | "shipped" | "completed" | "cancelled"; ... 12 more ...; updated_at: string; }'.
          Types of property 'status' are incompatible.
            Type 'OrderStatus' is not assignable to type '"pending" | "confirmed" | "shipped" | "completed" | "cancelled"'.
              Type '"reserved"' is not assignable to type '"pending" | "confirmed" | "shipped" | "completed" | "cancelled"'.
app/(dashboard)/pedidos/pedidos-client.tsx(358,28): error TS2345: Argument of type '(prev: OrderWithItems | null) => { id: string; status: OrderStatus; organization_id: string | null; customer_name: string; customer_phone: string; ... 17 more ...; order_items: ({ ...; } & { ...; })[]; } | null' is not assignable to parameter of type 'SetStateAction<OrderWithItems | null>'.
  Type '(prev: OrderWithItems | null) => { id: string; status: OrderStatus; organization_id: string | null; customer_name: string; customer_phone: string; ... 17 more ...; order_items: ({ ...; } & { ...; })[]; } | null' is not assignable to type '(prevState: OrderWithItems | null) => OrderWithItems | null'.
    Type '{ id: string; status: OrderStatus; organization_id: string | null; customer_name: string; customer_phone: string; customer_email: string | null; subtotal: number; discount: number; ... 14 more ...; order_items: ({ ...; } & { ...; })[]; } | null' is not assignable to type 'OrderWithItems | null'.
      Type '{ id: string; status: OrderStatus; organization_id: string | null; customer_name: string; customer_phone: string; customer_email: string | null; subtotal: number; discount: number; ... 14 more ...; order_items: (OrderItem & { product?: Product; })[]; }' is not assignable to type 'OrderWithItems'.
        Type '{ id: string; status: OrderStatus; organization_id: string | null; customer_name: string; customer_phone: string; customer_email: string | null; subtotal: number; discount: number; ... 14 more ...; order_items: (OrderItem & { product?: Product; })[]; }' is not assignable to type '{ id: string; organization_id: string | null; customer_name: string; customer_phone: string; customer_email: string | null; subtotal: number; discount: number; total: number; status: "pending" | "confirmed" | "shipped" | "completed" | "cancelled"; ... 12 more ...; updated_at: string; }'.
          Types of property 'status' are incompatible.
            Type 'OrderStatus' is not assignable to type '"pending" | "confirmed" | "shipped" | "completed" | "cancelled"'.
              Type '"reserved"' is not assignable to type '"pending" | "confirmed" | "shipped" | "completed" | "cancelled"'.
app/(dashboard)/pedidos/pedidos-client.tsx(380,15): error TS2345: Argument of type '(prev: OrderWithItems[]) => { status: OrderStatus; id: string; organization_id: string | null; customer_name: string; customer_phone: string; customer_email: string | null; ... 16 more ...; order_items: ({ ...; } & { ...; })[]; }[]' is not assignable to parameter of type 'SetStateAction<OrderWithItems[]>'.
  Type '(prev: OrderWithItems[]) => { status: OrderStatus; id: string; organization_id: string | null; customer_name: string; customer_phone: string; customer_email: string | null; ... 16 more ...; order_items: ({ ...; } & { ...; })[]; }[]' is not assignable to type '(prevState: OrderWithItems[]) => OrderWithItems[]'.
    Type '{ status: OrderStatus; id: string; organization_id: string | null; customer_name: string; customer_phone: string; customer_email: string | null; subtotal: number; discount: number; ... 14 more ...; order_items: ({ ...; } & { ...; })[]; }[]' is not assignable to type 'OrderWithItems[]'.
      Type '{ status: OrderStatus; id: string; organization_id: string | null; customer_name: string; customer_phone: string; customer_email: string | null; subtotal: number; discount: number; ... 14 more ...; order_items: (OrderItem & { product?: Product; })[]; }' is not assignable to type 'OrderWithItems'.
        Type '{ status: OrderStatus; id: string; organization_id: string | null; customer_name: string; customer_phone: string; customer_email: string | null; subtotal: number; discount: number; ... 14 more ...; order_items: (OrderItem & { product?: Product; })[]; }' is not assignable to type '{ id: string; organization_id: string | null; customer_name: string; customer_phone: string; customer_email: string | null; subtotal: number; discount: number; total: number; status: "pending" | "confirmed" | "shipped" | "completed" | "cancelled"; ... 12 more ...; updated_at: string; }'.
          Types of property 'status' are incompatible.
            Type 'OrderStatus' is not assignable to type '"pending" | "confirmed" | "shipped" | "completed" | "cancelled"'.
              Type '"reserved"' is not assignable to type '"pending" | "confirmed" | "shipped" | "completed" | "cancelled"'.
app/(dashboard)/pedidos/pedidos-client.tsx(383,22): error TS2345: Argument of type '(prev: OrderWithItems | null) => { status: OrderStatus; id: string; organization_id: string | null; customer_name: string; customer_phone: string; ... 17 more ...; order_items: ({ ...; } & { ...; })[]; } | null' is not assignable to parameter of type 'SetStateAction<OrderWithItems | null>'.
  Type '(prev: OrderWithItems | null) => { status: OrderStatus; id: string; organization_id: string | null; customer_name: string; customer_phone: string; ... 17 more ...; order_items: ({ ...; } & { ...; })[]; } | null' is not assignable to type '(prevState: OrderWithItems | null) => OrderWithItems | null'.
    Type '{ status: OrderStatus; id: string; organization_id: string | null; customer_name: string; customer_phone: string; customer_email: string | null; subtotal: number; discount: number; ... 14 more ...; order_items: ({ ...; } & { ...; })[]; } | null' is not assignable to type 'OrderWithItems | null'.
      Type '{ status: OrderStatus; id: string; organization_id: string | null; customer_name: string; customer_phone: string; customer_email: string | null; subtotal: number; discount: number; ... 14 more ...; order_items: (OrderItem & { product?: Product; })[]; }' is not assignable to type 'OrderWithItems'.
        Type '{ status: OrderStatus; id: string; organization_id: string | null; customer_name: string; customer_phone: string; customer_email: string | null; subtotal: number; discount: number; ... 14 more ...; order_items: (OrderItem & { product?: Product; })[]; }' is not assignable to type '{ id: string; organization_id: string | null; customer_name: string; customer_phone: string; customer_email: string | null; subtotal: number; discount: number; total: number; status: "pending" | "confirmed" | "shipped" | "completed" | "cancelled"; ... 12 more ...; updated_at: string; }'.
          Types of property 'status' are incompatible.
            Type 'OrderStatus' is not assignable to type '"pending" | "confirmed" | "shipped" | "completed" | "cancelled"'.
              Type '"reserved"' is not assignable to type '"pending" | "confirmed" | "shipped" | "completed" | "cancelled"'.
app/(dashboard)/pedidos/pedidos-client.tsx(408,69): error TS2367: This comparison appears to be unintentional because the types '"confirmed" | "shipped" | "completed" | "cancelled"' and '"reserved"' have no overlap.
app/(dashboard)/pedidos/pedidos-client.tsx(525,36): error TS2367: This comparison appears to be unintentional because the types '"pending" | "confirmed" | "shipped" | "completed" | "cancelled"' and '"reserved"' have no overlap.
app/(dashboard)/pedidos/pedidos-client.tsx(767,63): error TS2367: This comparison appears to be unintentional because the types '"confirmed" | "shipped" | "completed" | "cancelled"' and '"reserved"' have no overlap.
app/(dashboard)/reportes/page.tsx(160,9): error TS2322: Type '{ id: any; total: any; canal: any; created_at: any; status: any; }[]' is not assignable to type 'OrderRow[]'.
  Type '{ id: any; total: any; canal: any; created_at: any; status: any; }' is missing the following properties from type 'OrderRow': subtotal, discount, customer_name
app/(dashboard)/reportes/page.tsx(162,9): error TS2322: Type '{ product_id: any; quantity: any; subtotal: any; products: { id: any; name: any; category_id: any; categories: { name: any; }[]; }[]; }[]' is not assignable to type 'OrderItemRow[]'.
  Type '{ product_id: any; quantity: any; subtotal: any; products: { id: any; name: any; category_id: any; categories: { name: any; }[]; }[]; }' is not assignable to type 'OrderItemRow'.
    Types of property 'products' are incompatible.
      Type '{ id: any; name: any; category_id: any; categories: { name: any; }[]; }[]' is missing the following properties from type '{ id: string; name: string; category_id: string | null; categories: { name: string; } | null; }': id, name, category_id, categories
app/(dashboard)/reportes/page.tsx(163,9): error TS2322: Type '{ product_id: any; quantity: any; min_stock: any; products: { id: any; name: any; sku: any; }[]; }[]' is not assignable to type 'InventoryItemRow[]'.
  Type '{ product_id: any; quantity: any; min_stock: any; products: { id: any; name: any; sku: any; }[]; }' is not assignable to type 'InventoryItemRow'.
    Types of property 'products' are incompatible.
      Type '{ id: any; name: any; sku: any; }[]' is missing the following properties from type '{ id: string; name: string; sku: string; }': id, name, sku
app/(dashboard)/reportes/reports-client.tsx(662,28): error TS2322: Type '(value: number, name: string) => [string, string]' is not assignable to type 'Formatter<number, string> & ((value: number, name: string, item: Payload<number, string>, index: number, payload: Payload<number, string>[]) => ReactNode | [...])'.
  Type '(value: number, name: string) => [string, string]' is not assignable to type 'Formatter<number, string>'.
    Types of parameters 'value' and 'value' are incompatible.
      Type 'number | undefined' is not assignable to type 'number'.
        Type 'undefined' is not assignable to type 'number'.
app/(dashboard)/reportes/reports-client.tsx(854,17): error TS2322: Type '(value: number) => [string, "Ingresos"]' is not assignable to type 'Formatter<number, "Ingresos"> & ((value: number, name: "Ingresos", item: Payload<number, "Ingresos">, index: number, payload: Payload<number, "Ingresos">[]) => ReactNode | [...])'.
  Type '(value: number) => [string, "Ingresos"]' is not assignable to type 'Formatter<number, "Ingresos">'.
    Types of parameters 'value' and 'value' are incompatible.
      Type 'number | undefined' is not assignable to type 'number'.
        Type 'undefined' is not assignable to type 'number'.
app/(dashboard)/reportes/reports-client.tsx(996,24): error TS2322: Type '(value: number) => [string, ""]' is not assignable to type 'Formatter<number, ""> & ((value: number, name: "", item: Payload<number, "">, index: number, payload: Payload<number, "">[]) => ReactNode | [...])'.
  Type '(value: number) => [string, ""]' is not assignable to type 'Formatter<number, "">'.
    Types of parameters 'value' and 'value' are incompatible.
      Type 'number | undefined' is not assignable to type 'number'.
        Type 'undefined' is not assignable to type 'number'.
app/(dashboard)/ventas/historial/sales-history-client.tsx(193,28): error TS2352: Conversion of type '{ name: any; }[]' to type '{ name: string; }' may be a mistake because neither type sufficiently overlaps with the other. If this was intentional, convert the expression to 'unknown' first.
  Property 'name' is missing in type '{ name: any; }[]' but required in type '{ name: string; }'.
app/(dashboard)/ventas/historial/sales-history-client.tsx(195,29): error TS2352: Conversion of type '{ name: any; }[]' to type '{ name: string; }' may be a mistake because neither type sufficiently overlaps with the other. If this was intentional, convert the expression to 'unknown' first.
  Property 'name' is missing in type '{ name: any; }[]' but required in type '{ name: string; }'.
app/(dashboard)/ventas/page.tsx(90,7): error TS2322: Type '{ id: any; sku: any; name: any; price: any; image_url: any; brand: any; sizes: any; categories: { name: any; }[]; inventory: { quantity: any; location_id: any; size: any; color: any; }[]; }[]' is not assignable to type 'POSProduct[]'.
  Type '{ id: any; sku: any; name: any; price: any; image_url: any; brand: any; sizes: any; categories: { name: any; }[]; inventory: { quantity: any; location_id: any; size: any; color: any; }[]; }' is not assignable to type 'POSProduct'.
    Types of property 'categories' are incompatible.
      Property 'name' is missing in type '{ name: any; }[]' but required in type '{ name: string; }'.
components/ui/ProductCard.example.tsx(33,7): error TS2739: Type '{ id: string; product_id: string; location_id: string; quantity: number; min_stock: number; max_stock: number; updated_at: string; }' is missing the following properties from type '{ id: string; product_id: string; location_id: string; size: string; color: string | null; quantity: number; reserved_qty: number; min_stock: number; max_stock: number | null; updated_at: string; }': size, color, reserved_qty
components/ui/ProductCard.example.tsx(82,7): error TS2739: Type '{ id: string; product_id: string; location_id: string; quantity: number; min_stock: number; max_stock: number; updated_at: string; }' is missing the following properties from type '{ id: string; product_id: string; location_id: string; size: string; color: string | null; quantity: number; reserved_qty: number; min_stock: number; max_stock: number | null; updated_at: string; }': size, color, reserved_qty
components/ui/ProductCard.example.tsx(135,7): error TS2739: Type '{ id: string; product_id: string; location_id: string; quantity: number; min_stock: number; max_stock: number; updated_at: string; }' is missing the following properties from type '{ id: string; product_id: string; location_id: string; size: string; color: string | null; quantity: number; reserved_qty: number; min_stock: number; max_stock: number | null; updated_at: string; }': size, color, reserved_qty
components/ui/ProductCard.example.tsx(144,7): error TS2739: Type '{ id: string; product_id: string; location_id: string; quantity: number; min_stock: number; max_stock: number; updated_at: string; }' is missing the following properties from type '{ id: string; product_id: string; location_id: string; size: string; color: string | null; quantity: number; reserved_qty: number; min_stock: number; max_stock: number | null; updated_at: string; }': size, color, reserved_qty
components/ui/ProductCard.example.tsx(194,9): error TS2739: Type '{ id: string; product_id: string; location_id: string; quantity: number; min_stock: number; max_stock: number; updated_at: string; }' is missing the following properties from type '{ id: string; product_id: string; location_id: string; size: string; color: string | null; quantity: number; reserved_qty: number; min_stock: number; max_stock: number | null; updated_at: string; }': size, color, reserved_qty
components/ui/ProductCard.example.tsx(222,9): error TS2739: Type '{ id: string; product_id: string; location_id: string; quantity: number; min_stock: number; max_stock: number; updated_at: string; }' is missing the following properties from type '{ id: string; product_id: string; location_id: string; size: string; color: string | null; quantity: number; reserved_qty: number; min_stock: number; max_stock: number | null; updated_at: string; }': size, color, reserved_qty
components/ui/ProductCard.example.tsx(250,9): error TS2739: Type '{ id: string; product_id: string; location_id: string; quantity: number; min_stock: number; max_stock: number; updated_at: string; }' is missing the following properties from type '{ id: string; product_id: string; location_id: string; size: string; color: string | null; quantity: number; reserved_qty: number; min_stock: number; max_stock: number | null; updated_at: string; }': size, color, reserved_qty
components/ui/ProductCard.tsx(163,47): error TS2551: Property 'colors' does not exist on type '{ id: string; organization_id: string; category_id: string | null; sku: string; sku_group: string | null; name: string; description: string | null; price: number; cost: number; brand: string | null; ... 5 more ...; updated_at: string; } & { ...; }'. Did you mean 'color'?
components/ui/ProductCard.tsx(183,22): error TS2551: Property 'colors' does not exist on type '{ id: string; organization_id: string; category_id: string | null; sku: string; sku_group: string | null; name: string; description: string | null; price: number; cost: number; brand: string | null; ... 5 more ...; updated_at: string; } & { ...; }'. Did you mean 'color'?
components/ui/ProductCard.tsx(189,28): error TS2551: Property 'colors' does not exist on type '{ id: string; organization_id: string; category_id: string | null; sku: string; sku_group: string | null; name: string; description: string | null; price: number; cost: number; brand: string | null; ... 5 more ...; updated_at: string; } & { ...; }'. Did you mean 'color'?
components/ui/ProductCard.tsx(189,40): error TS7006: Parameter 'color' implicitly has an 'any' type.
components/ui/ProductQuickView.tsx(286,22): error TS2551: Property 'colors' does not exist on type '{ id: string; organization_id: string; category_id: string | null; sku: string; sku_group: string | null; name: string; description: string | null; price: number; cost: number; brand: string | null; ... 5 more ...; updated_at: string; } & { ...; }'. Did you mean 'color'?
components/ui/ProductQuickView.tsx(292,28): error TS2551: Property 'colors' does not exist on type '{ id: string; organization_id: string; category_id: string | null; sku: string; sku_group: string | null; name: string; description: string | null; price: number; cost: number; brand: string | null; ... 5 more ...; updated_at: string; } & { ...; }'. Did you mean 'color'?
components/ui/ProductQuickView.tsx(292,40): error TS7006: Parameter 'color' implicitly has an 'any' type.
